// Jest Snapshot v1, https://goo.gl/fbAQLP

exports[`Cart should render without error 1`] = `Screen {}`;
